2026-07-01 18:16:42,873 [INFO] Session created | Account: CFD | AccountId: 324571275559457054 | Currency: AED | Mode: DEMO
2026-07-01 18:16:43,079 [INFO] ============================================================
2026-07-01 18:16:43,079 [INFO]   GER40 12:00 PM IST Runner — STARTED
2026-07-01 18:16:43,079 [INFO]   Account: CFD | Currency: AED | Mode: DEMO
2026-07-01 18:16:43,080 [INFO]   Balance: AED 3,908.74
2026-07-01 18:16:43,080 [INFO] ============================================================
2026-07-01 18:16:43,080 [INFO]   [DAY] New IST day 2026-07-01 — resetting state
2026-07-01 18:16:43,664 [INFO]   [CANDLE] 12:00 PM IST bar: ts=2026-07-01T06:30:00 | H=25027.0 (ask=25028.5) L=24982.5 Range=44.5pts
2026-07-01 18:16:43,666 [INFO]   [CANDLE] Captured ✅ H=25027.0 (ask=25028.5) L=24982.5 Range=44.5pts
2026-07-01 18:16:43,666 [INFO]   [ORDERS] Placing breakout stop orders | BUY@25029.5 SL=24982.5 TP=25170.5 sz=0.2 | SELL@24981.5 SL=25028.5 TP=24840.5 sz=0.2
2026-07-01 18:16:43,844 [INFO]   [STOP ORDER] BUY @ 25029.5 | SL=24982.5 TP=25170.5 size=0.2 | T1 BUY stop
2026-07-01 18:16:44,073 [INFO] Stop order placed: BUY 0.2 DE40 @ 25029.5 | dealRef=o_cc9c596f-209f-4044-a5dc-4da1786019b2
2026-07-01 18:16:44,788 [INFO]   [STOP ORDER] ACCEPTED | dealId=07101627-0015-549e-0000-0000811e155e
2026-07-01 18:16:44,788 [INFO]   [STOP ORDER] SELL @ 24981.5 | SL=25028.5 TP=24840.5 size=0.2 | T1 SELL stop
2026-07-01 18:16:45,006 [INFO] Stop order placed: SELL 0.2 DE40 @ 24981.5 | dealRef=o_87a0f1bf-b28c-4256-beae-aa34186039ad
2026-07-01 18:16:45,721 [INFO]   [STOP ORDER] ACCEPTED | dealId=07101627-0015-549e-0000-0000811e155f
2026-07-01 18:16:46,618 [INFO]   [WAIT] Stop orders live | BUY@25029.5 SELL@24981.5
2026-07-01 18:16:47,505 [INFO]   [WAIT] Stop orders live | BUY@25029.5 SELL@24981.5
2026-07-01 18:16:48,396 [INFO]   [WAIT] Stop orders live | BUY@25029.5 SELL@24981.5
2026-07-01 18:16:49,284 [INFO]   [WAIT] Stop orders live | BUY@25029.5 SELL@24981.5
2026-07-01 18:16:50,176 [INFO]   [WAIT] Stop orders live | BUY@25029.5 SELL@24981.5
2026-07-01 18:16:51,071 [INFO]   [WAIT] Stop orders live | BUY@25029.5 SELL@24981.5
2026-07-01 18:16:51,964 [INFO]   [WAIT] Stop orders live | BUY@25029.5 SELL@24981.5
2026-07-01 18:16:52,859 [INFO]   [WAIT] Stop orders live | BUY@25029.5 SELL@24981.5
2026-07-01 18:16:53,753 [INFO]   [WAIT] Stop orders live | BUY@25029.5 SELL@24981.5
